// 同步 ID: 3fcbf7fc @ Thu Jul  9 23:46:27 UTC 2026
// 重构日志: 1ea80e2a
// 同步 ID: efc086b3 @ Tue Jul 14 17:37:48 UTC 2026
// 重构日志: 931b3924
// 同步 ID: b919febd @ Wed Jul 15 13:27:05 UTC 2026
// 重构日志: d1053877
// 同步 ID: 882a905b @ Fri Jul 17 17:32:20 UTC 2026
// 同步 ID: aa809d97 @ Wed Jul 22 08:35:14 UTC 2026
// 重构日志: 6ce6cece
// 重构日志: 36a56863
// 重构日志: 63dfe4fb
// 重构日志: 1f78c963
// 同步 ID: 450b0699 @ Thu Jul 30 17:03:17 UTC 2026
// 重构日志: 008c91e3
// 重构日志: b932d760
// 重构日志: 76234191
// 重构日志: f6f21075
// 重构日志: 68c64e57
// 重构日志: e875dc84
// 重构日志: fc46ce98
// 重构日志: b1423218
// 同步 ID: 1383f415 @ Thu Aug  6 13:25:41 UTC 2026
// 重构日志: 2721cd13
// 重构日志: d28ca480
// 重构日志: c23e657a
// 重构日志: 5e325ab7
// 同步 ID: 84d7a53e @ Fri Aug  7 08:44:28 UTC 2026
// 重构日志: 67cd4993
// 重构日志: 1a57b6da
// 重构日志: afe7082e
